{
  "cloud_cover_total": [
    87,
    100,
    100,
    100,
    100,
    100,
    100,
    100,
    100,
    100,
    100,
    87,
    100,
    87,
    87,
    87,
    87,
    100,
    100,
    100,
    100,
    87,
    100,
    100
  ],
  "daily_mean_of_temperature_previous_day": [
    null,
    null,
    null,
    null,
    null,
    null,
    null,
    null,
    null,
    null,
    null,
    null,
    null,
    null,
    null,
    null,
    null,
    5.9,
    null,
    null,
    null,
    null,
    null,
    null
  ],
  "depth_of_new_snow": [
    null,
    null,
    null,
    null,
    null,
    null,
    null,
    null,
    null,
    null,
    null,
    null,
    null,
    null,
    null,
    null,
    null,
    null,
    null,
    null,
    null,
    null,
    null,
    null
  ],
  "dew_point_temperature_at_2_meter_above_ground": [
    1.4,
    2.5,
    3.9,
    4.8,
    4.7,
    4.5,
    4.4,
    4.4,
    4.3,
    4.2,
    4.1,
    4.1,
    4.1,
    4,
    4.3,
    4,
    3.9,
    4.1,
    4.3,
    4.5,
    5.1,
    5.6,
    6,
    6.2
  ],
  "diffuse_solar_radiation_last_hour": [
    0,
    0,
    0,
    0,
    0,
    0,
    0,
    1,
    12,
    35,
    75,
    52,
    35,
    30,
    15,
    0,
    0,
    0,
    0,
    0,
    0,
    0,
    0,
    0
  ],
  "direct_solar_radiation_last_24_hours": [
    null,
    null,
    null,
    null,
    null,
    null,
    null,
    null,
    null,
    null,
    null,
    null,
    null,
    null,
    null,
    null,
    null,
    null,
    null,
    null,
    null,
    null,
    null,
    null
  ],
  "direct_solar_radiation_last_hour": [
    null,
    null,
    null,
    null,
    null,
    null,
    null,
    null,
    null,
    null,
    null,
    null,
    null,
    null,
    null,
    null,
    null,
    null,
    null,
    null,
    null,
    null,
    null,
    null
  ],
  "dry_bulb_temperature_at_2_meter_above_ground": [
    2.8,
    3.9,
    4.5,
    4.9,
    4.8,
    4.6,
    4.5,
    4.4,
    4.4,
    4.7,
    4.8,
    4.4,
    4.3,
    4.2,
    4.3,
    4,
    3.9,
    4.1,
    4.3,
    4.5,
    5.1,
    5.7,
    6.3,
    6.4
  ],
  "evaporation/evapotranspiration_last_24_hours": [
    null,
    null,
    null,
    null,
    null,
    null,
    null,
    null,
    null,
    null,
    null,
    null,
    null,
    null,
    null,
    null,
    null,
    null,
    null,
    null,
    null,
    null,
    null,
    null
  ],
  "global_radiation_last_hour": [
    0,
    0,
    0,
    0,
    0,
    0,
    0,
    1,
    12,
    35,
    75,
    52,
    35,
    30,
    15,
    0,
    0,
    0,
    0,
    0,
    0,
    0,
    0,
    0
  ],
  "global_radiation_past_24_hours": [
    null,
    null,
    null,
    null,
    null,
    null,
    null,
    null,
    null,
    null,
    null,
    null,
    null,
    null,
    null,
    null,
    null,
    null,
    null,
    null,
    null,
    null,
    null,
    2
  ],
  "height_of_base_of_lowest_cloud_above_station": [
    810,
    570,
    1320,
    120,
    110,
    90,
    100,
    90,
    110,
    220,
    1080,
    180,
    160,
    170,
    90,
    90,
    50,
    10,
    10,
    10,
    10,
    1050,
    1050,
    1060
  ],
  "horizontal_visibility": [
    37.4,
    11.5,
    20.8,
    8.9,
    8,
    4.5,
    3.3,
    2.9,
    1.7,
    8,
    13.1,
    10.1,
    8.3,
    8.6,
    3.3,
    4.2,
    2,
    0.2,
    0.2,
    0.1,
    0.1,
    5.6,
    6,
    4.5
  ],
  "maximum_of_10_minutes_mean_of_wind_speed_for_previous_day": [
    null,
    null,
    null,
    null,
    null,
    25,
    null,
    null,
    null,
    null,
    null,
    20,
    null,
    null,
    null,
    null,
    null,
    19,
    null,
    null,
    null,
    null,
    null,
    13
  ],
  "maximum_of_temperature_for_previous_day": [
    null,
    null,
    null,
    null,
    null,
    null,
    null,
    null,
    null,
    null,
    null,
    null,
    null,
    null,
    null,
    null,
    null,
    7.1,
    null,
    null,
    null,
    null,
    null,
    null
  ],
  "maximum_temperature_last_12_hours_2_meters_above_ground": [
    null,
    null,
    null,
    null,
    null,
    4.8,
    null,
    null,
    null,
    null,
    null,
    null,
    null,
    null,
    null,
    null,
    null,
    6.7,
    null,
    null,
    null,
    null,
    null,
    null
  ],
  "maximum_wind_speed_as_10_minutes_mean_during_last_hour": [
    17,
    13,
    17,
    20,
    19,
    23,
    24,
    20,
    21,
    25,
    23,
    19,
    19,
    20,
    20,
    19,
    17,
    18,
    18,
    19,
    13,
    12,
    12,
    13
  ],
  "maximum_wind_speed_during_last_6_hours": [
    null,
    null,
    null,
    null,
    null,
    38,
    null,
    null,
    null,
    null,
    null,
    33,
    null,
    null,
    null,
    null,
    null,
    30,
    null,
    null,
    null,
    null,
    null,
    21
  ],
  "maximum_wind_speed_for_previous_day": [
    null,
    null,
    null,
    null,
    null,
    null,
    null,
    null,
    null,
    null,
    null,
    null,
    null,
    null,
    null,
    null,
    null,
    26,
    null,
    null,
    null,
    null,
    null,
    null
  ],
  "maximum_wind_speed_last_hour": [
    29,
    24,
    27,
    33,
    34,
    35,
    38,
    30,
    33,
    38,
    35,
    33,
    29,
    30,
    30,
    29,
    27,
    30,
    27,
    28,
    19,
    17,
    17,
    21
  ],
  "mean_wind_direction_during_last_10 min_at_10_meters_above_ground": [
    320,
    300,
    280,
    280,
    260,
    250,
    250,
    240,
    240,
    250,
    260,
    260,
    260,
    260,
    250,
    250,
    250,
    250,
    270,
    260,
    280,
    270,
    280,
    290
  ],
  "mean_wind_speed_during last_10_min_at_10_meters_above_ground": [
    14,
    13,
    9,
    16,
    17,
    19,
    21,
    18,
    19,
    17,
    23,
    19,
    18,
    15,
    19,
    18,
    16,
    13,
    13,
    18,
    12,
    10,
    12,
    11
  ],
  "minimum_of_temperature_at_5_cm_above_ground_for_previous_day": [
    null,
    null,
    null,
    null,
    null,
    null,
    null,
    null,
    null,
    null,
    null,
    null,
    null,
    null,
    null,
    null,
    null,
    4.2,
    null,
    null,
    null,
    null,
    null,
    null
  ],
  "minimum_of_temperature_for_previous_day": [
    null,
    null,
    null,
    null,
    null,
    null,
    null,
    null,
    null,
    null,
    null,
    null,
    null,
    null,
    null,
    null,
    null,
    4.3,
    null,
    null,
    null,
    null,
    null,
    null
  ],
  "minimum_temperature_last_12_hours_2_meters_above_ground": [
    null,
    null,
    null,
    null,
    null,
    3.9,
    null,
    null,
    null,
    null,
    null,
    null,
    null,
    null,
    3.9,
    null,
    null,
    4.1,
    null,
    null,
    null,
    null,
    null,
    null
  ],
  "minimum_temperature_last_12_hours_5_cm_above_ground": [
    null,
    null,
    null,
    null,
    null,
    3.8,
    null,
    null,
    null,
    null,
    null,
    null,
    null,
    null,
    3.5,
    null,
    null,
    3.5,
    null,
    null,
    null,
    null,
    null,
    null
  ],
  "past_weather_1": [
    null,
    null,
    16,
    null,
    null,
    16,
    null,
    null,
    15,
    null,
    null,
    16,
    null,
    null,
    16,
    null,
    null,
    15,
    null,
    null,
    13,
    null,
    null,
    13
  ],
  "past_weather_2": [
    null,
    null,
    15,
    null,
    null,
    15,
    null,
    null,
    11,
    null,
    null,
    15,
    null,
    null,
    15,
    null,
    null,
    13,
    null,
    null,
    11,
    null,
    null,
    11
  ],
  "precipitation_amount_last_24_hours": [
    null,
    null,
    null,
    null,
    null,
    null,
    null,
    null,
    null,
    null,
    null,
    null,
    null,
    null,
    null,
    null,
    null,
    0.2,
    null,
    null,
    null,
    null,
    null,
    null
  ],
  "precipitation_amount_last_3_hours": [
    null,
    null,
    0.1,
    null,
    null,
    0.2,
    null,
    null,
    0,
    null,
    null,
    0,
    null,
    null,
    0,
    null,
    null,
    0,
    null,
    null,
    0,
    null,
    null,
    0
  ],
  "precipitation_amount_last_6_hours": [
    null,
    null,
    null,
    null,
    null,
    0.2,
    null,
    null,
    null,
    null,
    null,
    0,
    null,
    null,
    null,
    null,
    null,
    0,
    null,
    null,
    null,
    null,
    null,
    0
  ],
  "precipitation_amount_last_hour": [
    0.4,
    0,
    0,
    0,
    0.1,
    0,
    0,
    0.2,
    0,
    0,
    0,
    0,
    0,
    0,
    0,
    0,
    0,
    0,
    0,
    0,
    0,
    0,
    0,
    0
  ],
  "precipitation_last_12_hours": [
    null,
    null,
    null,
    null,
    null,
    0.2,
    null,
    null,
    null,
    null,
    null,
    null,
    null,
    null,
    null,
    null,
    null,
    0,
    null,
    null,
    null,
    null,
    null,
    null
  ],
  "present_weather": [
    8,
    8,
    8,
    7,
    8,
    8,
    8,
    7,
    8,
    7,
    4,
    4,
    7,
    8,
    8,
    7,
    7,
    5,
    5,
    5,
    5,
    5,
    4,
    4
  ],
  "pressure_reduced_to_mean_sea_level": [
    1032.6,
    1031.8,
    1031.8,
    1031.5,
    1031.1,
    1031.2,
    1031,
    1031,
    1030.9,
    1031,
    1030.6,
    1031.3,
    1031.9,
    1032.5,
    1032.7,
    1032.6,
    1032.8,
    1032.8,
    1032.9,
    1033.2,
    1033.8,
    1034,
    1034.1,
    1034.3
  ],
  "relative_humidity": [
    90,
    91,
    96,
    99,
    99,
    99,
    99,
    100,
    99,
    97,
    95,
    98,
    99,
    99,
    100,
    100,
    100,
    100,
    100,
    100,
    100,
    99,
    98,
    99
  ],
  "sea/water_temperature": [
    null,
    null,
    null,
    null,
    null,
    null,
    null,
    null,
    null,
    null,
    null,
    null,
    null,
    null,
    null,
    null,
    null,
    null,
    null,
    null,
    null,
    null,
    null,
    null
  ],
  "temperature_at_5_cm_above_ground": [
    1.9,
    3.1,
    3.7,
    4.7,
    4.5,
    4.5,
    4.3,
    4.4,
    4.4,
    4.6,
    4.9,
    4.6,
    4.4,
    4.2,
    4.3,
    4,
    3.9,
    4.1,
    4.2,
    4.5,
    4.9,
    4.1,
    5.6,
    5.8
  ],
  "total_snow_depth": [
    0,
    0,
    0,
    0,
    0,
    0,
    0,
    0,
    0,
    0,
    0,
    0,
    0,
    0,
    0,
    0,
    0,
    0,
    0,
    0,
    0,
    0,
    0,
    0
  ],
  "total_time_of_sunshine_during_last_hour": [
    0,
    0,
    0,
    0,
    0,
    0,
    0,
    0,
    0,
    0,
    0,
    0,
    0,
    0,
    0,
    0,
    0,
    0,
    0,
    0,
    0,
    0,
    0,
    0
  ],
  "total_time_of_sunshine_past_day": [
    null,
    null,
    null,
    null,
    null,
    null,
    null,
    null,
    null,
    null,
    null,
    null,
    null,
    null,
    null,
    null,
    null,
    0,
    null,
    null,
    null,
    null,
    null,
    null
  ],
  "timestamp": [
    1546383600000,
    1546380000000,
    1546376400000,
    1546372800000,
    1546369200000,
    1546365600000,
    1546362000000,
    1546358400000,
    1546354800000,
    1546351200000,
    1546347600000,
    1546344000000,
    1546340400000,
    1546336800000,
    1546333200000,
    1546329600000,
    1546326000000,
    1546322400000,
    1546318800000,
    1546315200000,
    1546311600000,
    1546308000000,
    1546304400000,
    1546300800000
  ]
}
