[
  {
    "location": {
      "latitude": 54.1667,
      "longitude": 7.45,
      "elevation": 0
    },
    "ID": "954",
    "Stations-Name": "UFS Deutsche Bucht",
    "WMO-Kennung": "10007",
    "Betreiber": "DWD",
    "Melde-Grp": "AUT",
    "Country": "Germany"
  },
  {
    "location": {
      "latitude": 54.174957,
      "longitude": 7.891954,
      "elevation": 4
    },
    "ID": "2115",
    "Stations-Name": "Helgoland",
    "WMO-Kennung": "10015",
    "Betreiber": "DWD",
    "Melde-Grp": "AUT",
    "Country": "Germany"
  },
  {
    "location": {
      "latitude": 47.874893,
      "longitude": 8.003817,
      "elevation": 1489.6
    },
    "ID": "1346",
    "Stations-Name": "Feldberg/Schwarzwald",
    "WMO-Kennung": "10908",
    "Betreiber": "DWD",
    "Melde-Grp": "AUT",
    "Country": "Germany"
  },
  {
    "location": {
      "latitude": 47.420868,
      "longitude": 10.984724,
      "elevation": 2964
    },
    "ID": "5792",
    "Stations-Name": "Zugspitze",
    "WMO-Kennung": "10961",
    "Betreiber": "DWD",
    "Melde-Grp": "I Berg",
    "Country": "Germany"
  },
  {
    "location": {
      "latitude": 47.800864,
      "longitude": 11.010754,
      "elevation": 977
    },
    "ID": "2290",
    "Stations-Name": "Hohenpei√üenberg",
    "WMO-Kennung": "10962",
    "Betreiber": "DWD",
    "Melde-Grp": "I",
    "Country": "Germany"
  },
  {
    "location": {
      "latitude": 47.48305,
      "longitude": 11.062293,
      "elevation": 719
    },
    "ID": "1550",
    "Stations-Name": "Garmisch-Partenkirchen",
    "WMO-Kennung": "10963",
    "Betreiber": "DWD",
    "Melde-Grp": "AUT",
    "Country": "Germany"
  },
  {
    "location": {
      "latitude": 47.884339,
      "longitude": 12.540379,
      "elevation": 551.2
    },
    "ID": "856",
    "Stations-Name": "Chieming",
    "WMO-Kennung": "10982",
    "Betreiber": "DWD",
    "Melde-Grp": "AUT",
    "Country": "Germany"
  },
  {
    "location": {
      "latitude": 48.709746,
      "longitude": 11.209617,
      "elevation": 380
    },
    "ID": "3484",
    "Stations-Name": "Neuburg/Donau (Flugplatz)",
    "WMO-Kennung": "10853",
    "Betreiber": "GeoInfoDBw",
    "Melde-Grp": "I G",
    "Country": "Germany"
  },
  {
    "location": {
      "latitude": -70.673054,
      "longitude": -8.27498,
      "elevation": 40
    },
    "ID": "50036456",
    "Stations-Name": "GEORG VON NEUMAYER",
    "WMO-Kennung": "89002",
    "Betreiber": "AWI",
    "Melde-Grp": "oZ",
    "Country": "Antarctica"
  }
]
